[saintluxfrenchbulldogpups.com/french-bulldog.html]
[backblue.gif]
[fade.gif]
[index.html]
[saintluxfrenchbulldogpups.com/assets/images/favicon.ico]
[saintluxfrenchbulldogpups.com/index.html]
[saintluxfrenchbulldogpups.com/assets/logo/red.png]
[saintluxfrenchbulldogpups.com/privacy-policy.html]
[saintluxfrenchbulldogpups.com/about.html]
[saintluxfrenchbulldogpups.com/contact-us.html]
[saintluxfrenchbulldogpups.com/assets/images/Dot-Shape.png]
[saintluxfrenchbulldogpups.com/puppies/blaze_male.jpg]
[saintluxfrenchbulldogpups.com/puppies/bella_female.jpg]
[saintluxfrenchbulldogpups.com/puppies/blue_male.jpg]
[saintluxfrenchbulldogpups.com/puppies/buddy_male.jpg]
[saintluxfrenchbulldogpups.com/puppies/fonzie_female.jpg]
[saintluxfrenchbulldogpups.com/puppies/franky_male.jpg]
[saintluxfrenchbulldogpups.com/puppies/gizmo_male.jpg]
[saintluxfrenchbulldogpups.com/puppies/jojo_male.jpg]
[saintluxfrenchbulldogpups.com/puppies/lola_female.jpg]
[saintluxfrenchbulldogpups.com/puppies/remy_male.jpg]
[saintluxfrenchbulldogpups.com/assets/banner3.jpg]
[saintluxfrenchbulldogpups.com/assets/logo/white.png]
[saintluxfrenchbulldogpups.com/assets/js/jquery.min.js]
[saintluxfrenchbulldogpups.com/assets/js/theme-plugins.min.js]
[saintluxfrenchbulldogpups.com/assets/js/site-custom.js]
[saintluxfrenchbulldogpups.com/french-bulldog.html]
[saintluxfrenchbulldogpups.com/assets/css/fonts/icofont.woff2]
[saintluxfrenchbulldogpups.com/assets/css/fonts/icofont.woff]
[saintluxfrenchbulldogpups.com/assets/css/theme-plugins.min.css]
[saintluxfrenchbulldogpups.com/assets/images/blue-snow.png]
[saintluxfrenchbulldogpups.com/assets/images/bg-testimonial.21.delayed]
[saintluxfrenchbulldogpups.com/assets/images/callout_bg.jpg]
[saintluxfrenchbulldogpups.com/assets/img4.jpg]
[saintluxfrenchbulldogpups.com/assets/images/map-bg.png]
[saintluxfrenchbulldogpups.com/assets/images/h5_wave_up.png]
[saintluxfrenchbulldogpups.com/assets/images/h5_wave_down.png]
[saintluxfrenchbulldogpups.com/assets/images/World-Map-PNG-Picture.png]
[saintluxfrenchbulldogpups.com/assets/banner1.jpg]
[saintluxfrenchbulldogpups.com/assets/banner2.jpg]
[saintluxfrenchbulldogpups.com/assets/css/fonts/icomoonfd63fd63.eot]
[saintluxfrenchbulldogpups.com/assets/css/fonts/icomoonfd63fd63.ttf]
[saintluxfrenchbulldogpups.com/assets/css/fonts/icomoonfd63fd63.woff]
[saintluxfrenchbulldogpups.com/assets/images/curve_bg_top.png]
[saintluxfrenchbulldogpups.com/assets/images/curve_bg_bot.png]
[saintluxfrenchbulldogpups.com/assets/images/healthcare_tips_bg.31.delayed]
[saintluxfrenchbulldogpups.com/assets/images/sidebar_pet.png]
[saintluxfrenchbulldogpups.com/assets/images/care_your_pet.33.delayed]
[saintluxfrenchbulldogpups.com/assets/images/subscribe_curve.png]
[saintluxfrenchbulldogpups.com/assets/images/home_classic_services.35.delayed]
[saintluxfrenchbulldogpups.com/assets/css/style.css]
[saintluxfrenchbulldogpups.com/assets/css/responsive.css]
[saintluxfrenchbulldogpups.com/assets/img1.jpg]
[saintluxfrenchbulldogpups.com/assets/images/counter_bg.3f.delayed]
[res.cloudinary.com/mailerman/image/upload/v1620080693/master/img_gallery1_t5asfh.jpg]
[res.cloudinary.com/mailerman/image/upload/v1620077109/master/pexels-cottonbro-6551713_w5ufca.jpg]
[res.cloudinary.com/mailerman/image/upload/v1620080539/master/14_edyrv6.jpg]
[res.cloudinary.com/mailerman/image/upload/v1620080539/master/13_ftn6o1.jpg]
[res.cloudinary.com/mailerman/image/upload/v1620080540/master/12_zjt9dg.jpg]
[res.cloudinary.com/mailerman/image/upload/v1620080539/master/10_fjlhzr.jpg]
[saintluxfrenchbulldogpups.com/assets/img3.jpg]
[saintluxfrenchbulldogpups.com/assets/revolution/js/jquery.themepunch.tools.min.js]
[saintluxfrenchbulldogpups.com/assets/revolution/js/jquery.themepunch.revolution.min.js]
[saintluxfrenchbulldogpups.com/assets/revolution/js/extensions/revolution.extension.actions.min.js]
[saintluxfrenchbulldogpups.com/assets/revolution/js/extensions/revolution.extension.carousel.min.js]
[saintluxfrenchbulldogpups.com/assets/revolution/js/extensions/revolution.extension.kenburn.min.js]
[saintluxfrenchbulldogpups.com/assets/revolution/js/extensions/revolution.extension.layeranimation.min.js]
[saintluxfrenchbulldogpups.com/assets/revolution/js/extensions/revolution.extension.migration.min.js]
[saintluxfrenchbulldogpups.com/assets/revolution/js/extensions/revolution.extension.navigation.min.js]
[saintluxfrenchbulldogpups.com/assets/revolution/js/extensions/revolution.extension.parallax.min.js]
[saintluxfrenchbulldogpups.com/index.html]
[saintluxfrenchbulldogpups.com/privacy-policy.html]
[saintluxfrenchbulldogpups.com/about.html]
[saintluxfrenchbulldogpups.com/shipping.html]
[saintluxfrenchbulldogpups.com/contact-us.html]
[saintluxfrenchbulldogpups.com/assets/images/download.svg]
[saintluxfrenchbulldogpups.com/assets/images/bg-testimonial.html]
[saintluxfrenchbulldogpups.com/assets/images/bg-wave.svg]
[saintluxfrenchbulldogpups.com/assets/css/fonts/icomoonfd63fd63.svg]
[saintluxfrenchbulldogpups.com/assets/images/healthcare_tips_bg.html]
[saintluxfrenchbulldogpups.com/assets/images/care_your_pet.html]
[saintluxfrenchbulldogpups.com/assets/images/home_classic_services.html]
[saintluxfrenchbulldogpups.com/assets/revolution/css/layers.css]
[saintluxfrenchbulldogpups.com/assets/revolution/css/navigation.css]
[saintluxfrenchbulldogpups.com/assets/revolution/fonts/revicons/revicons90c690c6.eot]
[saintluxfrenchbulldogpups.com/assets/revolution/fonts/revicons/revicons90c690c6.ttf]
[saintluxfrenchbulldogpups.com/assets/revolution/css/openhand.html]
[saintluxfrenchbulldogpups.com/assets/revolution/css/closedhand.html]
[saintluxfrenchbulldogpups.com/assets/revolution/assets/gridtile.png]
[saintluxfrenchbulldogpups.com/assets/revolution/assets/gridtile_white.png]
[saintluxfrenchbulldogpups.com/assets/revolution/assets/gridtile_3x3.png]
[saintluxfrenchbulldogpups.com/assets/revolution/assets/gridtile_3x3_white.png]
[saintluxfrenchbulldogpups.com/assets/revolution/assets/coloredbg.png]
[saintluxfrenchbulldogpups.com/assets/revolution/assets/loader.gif]
[saintluxfrenchbulldogpups.com/assets/revolution/css/settings.css]
[saintluxfrenchbulldogpups.com/assets/revolution/fonts/pe-icon-7-stroke/fonts/Pe-icon-7-strokebb1dbb1d.eot]
[saintluxfrenchbulldogpups.com/assets/revolution/fonts/pe-icon-7-stroke/fonts/Pe-icon-7-stroked41dd41d.eot]
[saintluxfrenchbulldogpups.com/assets/revolution/fonts/pe-icon-7-stroke/fonts/Pe-icon-7-strokebb1dbb1d.woff]
[saintluxfrenchbulldogpups.com/assets/revolution/fonts/pe-icon-7-stroke/fonts/Pe-icon-7-strokebb1dbb1d.ttf]
[saintluxfrenchbulldogpups.com/assets/revolution/fonts/pe-icon-7-stroke/css/pe-icon-7-stroke.css]
[saintluxfrenchbulldogpups.com/assets/revolution/fonts/font-awesome/fonts/fontawesome-webfont3e6e3e6e.eot]
[saintluxfrenchbulldogpups.com/assets/revolution/fonts/font-awesome/fonts/fontawesome-webfontd41dd41d.eot]
[saintluxfrenchbulldogpups.com/assets/revolution/fonts/font-awesome/fonts/fontawesome-webfont3e6e3e6e.woff2]
[saintluxfrenchbulldogpups.com/assets/revolution/fonts/font-awesome/fonts/fontawesome-webfont3e6e3e6e.woff]
[saintluxfrenchbulldogpups.com/assets/revolution/fonts/font-awesome/fonts/fontawesome-webfont3e6e3e6e.ttf]
[saintluxfrenchbulldogpups.com/assets/revolution/fonts/font-awesome/css/font-awesome.css]
[saintluxfrenchbulldogpups.com/assets/images/free-shipping.svg]
[saintluxfrenchbulldogpups.com/assets/images/money-back.svg]
[saintluxfrenchbulldogpups.com/assets/images/support-online.svg]
[saintluxfrenchbulldogpups.com/assets/images/counter_bg.html]
[saintluxfrenchbulldogpups.com/health-guarantee.html]
[saintluxfrenchbulldogpups.com/shipping.html]
[saintluxfrenchbulldogpups.com/assets/revolution/js/extensions/revolution.extension.slideanims.min.js]
[saintluxfrenchbulldogpups.com/assets/revolution/js/extensions/revolution.extension.video.min.js]
[saintluxfrenchbulldogpups.com/reviews.html]
[saintluxfrenchbulldogpups.com/assets/revolution/fonts/revicons/revicons90c690c6.svg]
[saintluxfrenchbulldogpups.com/assets/revolution/css/openhand.html]
[saintluxfrenchbulldogpups.com/assets/revolution/css/closedhand.html]
[saintluxfrenchbulldogpups.com/assets/revolution/fonts/pe-icon-7-stroke/fonts/Pe-icon-7-strokebb1dbb1d.svg]
[saintluxfrenchbulldogpups.com/assets/js/contact.js]
[saintluxfrenchbulldogpups.com/assets/revolution/fonts/revicons/revicons90c690c6.woff]
[saintluxfrenchbulldogpups.com/assets/revolution/fonts/font-awesome/fonts/fontawesome-webfont3e6e3e6e.svg]
[saintluxfrenchbulldogpups.com/guarantee.jpg]
[saintluxfrenchbulldogpups.com/health-guarantee.html]
[saintluxfrenchbulldogpups.com/reviews.html]
[unpkg.com/sweetalert/dist/sweetalert.min.js]
[unpkg.com/sweetalert/dist/sweetalert.min.js]
